// Jest Snapshot v1, https://goo.gl/fbAQLP

exports[`renders completed correctly 1`] = `
<p
  className="chakra-text css-0"
>
   Completed !! 
</p>
`;
