// Jest Snapshot v1, https://goo.gl/fbAQLP

exports[`renders wizard correctly 1`] = `
<div
  className="css-155kcuw"
>
  <div
    className="css-ldo4d5"
  >
    <div
      className="css-13yu7w7"
    >
      <div
        className="css-k008qs"
      >
        <div
          className="css-1xet117"
        >
          Completion : 
          NaN
          %
        </div>
        <div
          className="css-17xejub"
        />
        <button
          className="css-1xet117"
        >
          <svg
            className="chakra-icon css-dvq678"
            focusable={false}
            viewBox="0 0 24 24"
          >
            <g
              stroke="currentColor"
              strokeWidth="1.5"
            >
              <path
                d="M9,9a3,3,0,1,1,4,2.829,1.5,1.5,0,0,0-1,1.415V14.25"
                fill="none"
                strokeLinecap="round"
              />
              <path
                d="M12,17.25a.375.375,0,1,0,.375.375A.375.375,0,0,0,12,17.25h0"
                fill="none"
                strokeLinecap="round"
              />
              <circle
                cx="12"
                cy="12"
                fill="none"
                r="11.25"
                strokeMiterlimit="10"
              />
            </g>
          </svg>
        </button>
      </div>
      <div
        className="css-kdwx3d"
      >
        <div
          aria-valuemax={100}
          aria-valuemin={0}
          aria-valuenow={NaN}
          className="css-10klw3m"
          role="progressbar"
          style={
            Object {
              "width": "NaN%",
            }
          }
        />
      </div>
    </div>
  </div>
  <div
    className="css-zg1vud"
  >
    <div
      className="css-1vp8jwk"
    >
      <p
        className="chakra-text css-1tapsqs"
      >
         
        Completed
         
      </p>
    </div>
    <div
      className="css-2l42up"
    >
      <p
        className="chakra-text css-0"
      >
         Completed !! 
      </p>
    </div>
  </div>
</div>
`;
